[main ba45fad] chore: daily timeline update 2026-08-17
 Committer: Aliyevv <aliyevv@Aliyevvs-MacBook-Air.local>
Your name and email address were configured automatically based
on your username and hostname. Please check that they are accurate.
You can suppress this message by setting them explicitly. Run the
following command and follow the instructions in your editor to edit
your configuration file:

    git config --global --edit

After doing this, you may fix the identity used for this commit with:

    git commit --amend --reset-author

 2 files changed, 0 insertions(+), 0 deletions(-)
 create mode 100644 logs/daily_commit.err.log
 create mode 100644 logs/daily_commit.out.log
Changes committed and pushed.
No changes to commit.
No changes to commit.
[main 6b80aec] chore: daily timeline update 2026-08-21
 Committer: Aliyevv <aliyevv@Aliyevvs-MacBook-Air.local>
Your name and email address were configured automatically based
on your username and hostname. Please check that they are accurate.
You can suppress this message by setting them explicitly. Run the
following command and follow the instructions in your editor to edit
your configuration file:

    git config --global --edit

After doing this, you may fix the identity used for this commit with:

    git commit --amend --reset-author

 7 files changed, 493 insertions(+), 25 deletions(-)
Changes committed and pushed.
[main fba9d7e] chore: daily timeline update 2026-08-22
 Committer: Aliyevv <aliyevv@Aliyevvs-MacBook-Air.local>
Your name and email address were configured automatically based
on your username and hostname. Please check that they are accurate.
You can suppress this message by setting them explicitly. Run the
following command and follow the instructions in your editor to edit
your configuration file:

    git config --global --edit

After doing this, you may fix the identity used for this commit with:

    git commit --amend --reset-author

 2 files changed, 18 insertions(+)
Changes committed and pushed.
[main 12d77fb] chore: daily timeline update 2026-08-23
 Committer: Aliyevv <aliyevv@Aliyevvs-MacBook-Air.local>
Your name and email address were configured automatically based
on your username and hostname. Please check that they are accurate.
You can suppress this message by setting them explicitly. Run the
following command and follow the instructions in your editor to edit
your configuration file:

    git config --global --edit

After doing this, you may fix the identity used for this commit with:

    git commit --amend --reset-author

 2 files changed, 18 insertions(+)
Changes committed and pushed.
[main d399929] chore: daily timeline update 2026-08-24
 Committer: Aliyevv <aliyevv@Aliyevvs-MacBook-Air.local>
Your name and email address were configured automatically based
on your username and hostname. Please check that they are accurate.
You can suppress this message by setting them explicitly. Run the
following command and follow the instructions in your editor to edit
your configuration file:

    git config --global --edit

After doing this, you may fix the identity used for this commit with:

    git commit --amend --reset-author

 2 files changed, 18 insertions(+)
Changes committed and pushed.
[main 3e143ac] chore: daily timeline update 2026-08-25
 Committer: Aliyevv <aliyevv@Aliyevvs-MacBook-Air.local>
Your name and email address were configured automatically based
on your username and hostname. Please check that they are accurate.
You can suppress this message by setting them explicitly. Run the
following command and follow the instructions in your editor to edit
your configuration file:

    git config --global --edit

After doing this, you may fix the identity used for this commit with:

    git commit --amend --reset-author

 3 files changed, 784 insertions(+), 163 deletions(-)
Changes committed and pushed.
[main f6f4b5e] chore: daily timeline update 2026-08-26
 Committer: Aliyevv <aliyevv@Aliyevvs-MacBook-Air.local>
Your name and email address were configured automatically based
on your username and hostname. Please check that they are accurate.
You can suppress this message by setting them explicitly. Run the
following command and follow the instructions in your editor to edit
your configuration file:

    git config --global --edit

After doing this, you may fix the identity used for this commit with:

    git commit --amend --reset-author

 3 files changed, 145 insertions(+), 10 deletions(-)
Changes committed and pushed.
[main 9f9e46d] chore: daily timeline update 2026-08-27
 Committer: Aliyevv <aliyevv@Aliyevvs-MacBook-Air.local>
Your name and email address were configured automatically based
on your username and hostname. Please check that they are accurate.
You can suppress this message by setting them explicitly. Run the
following command and follow the instructions in your editor to edit
your configuration file:

    git config --global --edit

After doing this, you may fix the identity used for this commit with:

    git commit --amend --reset-author

 3 files changed, 313 insertions(+), 79 deletions(-)
Changes committed and pushed.
[main 1087339] chore: daily timeline update 2026-08-28
 Committer: Aliyevv <aliyevv@Aliyevvs-MacBook-Air.local>
Your name and email address were configured automatically based
on your username and hostname. Please check that they are accurate.
You can suppress this message by setting them explicitly. Run the
following command and follow the instructions in your editor to edit
your configuration file:

    git config --global --edit

After doing this, you may fix the identity used for this commit with:

    git commit --amend --reset-author

 2 files changed, 18 insertions(+)
Changes committed and pushed.
[main 3f6b9d0] chore: daily timeline update 2026-08-29
 Committer: Aliyevv <aliyevv@Aliyevvs-MacBook-Air.local>
Your name and email address were configured automatically based
on your username and hostname. Please check that they are accurate.
You can suppress this message by setting them explicitly. Run the
following command and follow the instructions in your editor to edit
your configuration file:

    git config --global --edit

After doing this, you may fix the identity used for this commit with:

    git commit --amend --reset-author

 2 files changed, 18 insertions(+)
Changes committed and pushed.
[main 7dbeca6] chore: daily timeline update 2026-08-30
 Committer: Aliyevv <aliyevv@Aliyevvs-MacBook-Air.local>
Your name and email address were configured automatically based
on your username and hostname. Please check that they are accurate.
You can suppress this message by setting them explicitly. Run the
following command and follow the instructions in your editor to edit
your configuration file:

    git config --global --edit

After doing this, you may fix the identity used for this commit with:

    git commit --amend --reset-author

 2 files changed, 18 insertions(+)
Changes committed and pushed.
[main 1bf8c82] chore: daily timeline update 2026-08-31
 Committer: Aliyevv <aliyevv@Aliyevvs-MacBook-Air.local>
Your name and email address were configured automatically based
on your username and hostname. Please check that they are accurate.
You can suppress this message by setting them explicitly. Run the
following command and follow the instructions in your editor to edit
your configuration file:

    git config --global --edit

After doing this, you may fix the identity used for this commit with:

    git commit --amend --reset-author

 2 files changed, 18 insertions(+)
Changes committed and pushed.
[main eae700f] chore: daily timeline update 2026-09-01
 Committer: Aliyevv <aliyevv@Aliyevvs-MacBook-Air.local>
Your name and email address were configured automatically based
on your username and hostname. Please check that they are accurate.
You can suppress this message by setting them explicitly. Run the
following command and follow the instructions in your editor to edit
your configuration file:

    git config --global --edit

After doing this, you may fix the identity used for this commit with:

    git commit --amend --reset-author

 2 files changed, 18 insertions(+)
Changes committed and pushed.
[main 609a22b] chore: daily timeline update 2026-09-02
 Committer: Aliyevv <aliyevv@Aliyevvs-MacBook-Air.local>
Your name and email address were configured automatically based
on your username and hostname. Please check that they are accurate.
You can suppress this message by setting them explicitly. Run the
following command and follow the instructions in your editor to edit
your configuration file:

    git config --global --edit

After doing this, you may fix the identity used for this commit with:

    git commit --amend --reset-author

 5 files changed, 48 insertions(+), 11 deletions(-)
